[6BBC:5134][2026-09-08T20:10:33]i001: Burn x64 v5.0.2+aa65968c419420d32e3e1b647aea0082f5ca5b78, Windows v10.0 x64 (Build 19045: Service Pack 0), path: C:\Users\chapp\AppData\Local\Temp\WinGet\RedHat.Podman.5.8.3\podman-installer-windows-amd64.exe
[6BBC:5134][2026-09-08T20:10:33]i000: Initializing formatted variable 'InstallFolder' to value '[ProgramFiles64Folder]RedHat\Podman'
[6BBC:5134][2026-09-08T20:10:33]i000: Initializing string variable 'VERSION' to value '5.8.3'
[6BBC:5134][2026-09-08T20:10:33]i000: Initializing string variable 'MachineProvider' to value 'wsl'
[6BBC:5134][2026-09-08T20:10:33]i000: Initializing numeric variable 'AllowOldWin' to value '0'
[6BBC:5134][2026-09-08T20:10:33]i000: Initializing string variable 'LaunchTarget' to value 'explorer.exe'
[6BBC:5134][2026-09-08T20:10:33]i000: Initializing string variable 'LaunchArguments' to value '"[InstallFolder]\podman-for-windows.html"'
[6BBC:5134][2026-09-08T20:10:33]i000: Initializing numeric variable 'SkipConfigFileCreation' to value '0'
[6BBC:5134][2026-09-08T20:10:33]i009: Command Line: '/quiet /norestart MSIINSTALLPERUSER=1 MACHINE_PROVIDER=wsl /log C:\Desktop\localscan\work\podman-install.log'
[6BBC:5134][2026-09-08T20:10:33]i000: Setting string variable 'WixBundleOriginalSource' to value 'C:\Users\chapp\AppData\Local\Temp\WinGet\RedHat.Podman.5.8.3\podman-installer-windows-amd64.exe'
[6BBC:5134][2026-09-08T20:10:33]i000: Setting string variable 'WixBundleOriginalSourceFolder' to value 'C:\Users\chapp\AppData\Local\Temp\WinGet\RedHat.Podman.5.8.3\'
[6BBC:5134][2026-09-08T20:10:33]i000: Setting string variable 'WixBundleLog' to value 'C:\Desktop\localscan\work\podman-install.log'
[6BBC:5134][2026-09-08T20:10:33]i000: Setting string variable 'WixBundleInProgressName' to value ''
[6BBC:5134][2026-09-08T20:10:33]i000: Setting string variable 'WixBundleName' to value 'Podman'
[6BBC:5134][2026-09-08T20:10:33]i000: Setting string variable 'WixBundleManufacturer' to value 'Red Hat'
[6BBC:3148][2026-09-08T20:10:33]e000: Ignoring attempt to set non-overridable variable: 'MSIINSTALLPERUSER'.
[6BBC:3148][2026-09-08T20:10:33]e000: Ignoring attempt to set non-overridable variable: 'MACHINE_PROVIDER'.
[6BBC:3148][2026-09-08T20:10:33]i000: Setting version variable 'WixBundleFileVersion' to value '5.0.2.0'
[6BBC:3148][2026-09-08T20:10:33]i000: Setting numeric variable 'WixStdBASuppressOptionsUI' to value 1
[6BBC:3148][2026-09-08T20:10:33]i000: Setting numeric variable 'WixStdBAShowVersion' to value 1
[6BBC:3148][2026-09-08T20:10:33]i000: Setting numeric variable 'WixStdBALanguageId' to value 1033
[6BBC:5134][2026-09-08T20:10:33]i100: Detect begin, 1 packages
[6BBC:5134][2026-09-08T20:10:33]i000: Setting string variable 'CBNumber' to value '19045'
[6BBC:5134][2026-09-08T20:10:33]i000: Registry key not found. Key = 'SOFTWARE\[WixBundleManufacturer]\[WixBundleName]'
[6BBC:5134][2026-09-08T20:10:33]i000: Registry key not found. Key = 'SOFTWARE\[WixBundleManufacturer]\Updates\[WixBundleName]'
[6BBC:5134][2026-09-08T20:10:33]i052: Condition 'PreviousInstallFolder' evaluates to false.
[6BBC:5134][2026-09-08T20:10:33]i101: Detected package: Setup, state: Absent, cached: No, install registration state: Absent, cache registration state: Absent
[6BBC:3148][2026-09-08T20:10:33]i052: Condition 'VersionNT >= v10.0 AND (CBNumber >= 19041 OR AllowOldWin = 1)' evaluates to true.
[6BBC:3148][2026-09-08T20:10:33]i052: Condition 'WixBundleInstalled OR WixBundleForcedRestartPackage OR PreviousVersion <> VERSION' evaluates to true.
[6BBC:3148][2026-09-08T20:10:33]i052: Condition 'PreviousVersion <> v5.3.1' evaluates to true.
[6BBC:5134][2026-09-08T20:10:33]i199: Detect complete, result: 0x0, registration state: None, cached: No, eligible for cleanup: No
[6BBC:5134][2026-09-08T20:10:33]i200: Plan begin, 1 packages, action: Install
[6BBC:5134][2026-09-08T20:10:33]i000: Setting string variable 'WixBundleRollbackLog_Setup' to value 'C:\Desktop\localscan\work\podman-install_000_Setup_rollback.log'
[6BBC:5134][2026-09-08T20:10:33]i000: Setting string variable 'WixBundleLog_Setup' to value 'C:\Desktop\localscan\work\podman-install_000_Setup.log'
[6BBC:5134][2026-09-08T20:10:33]i222: Planned rollback boundary: 'WixDefaultBoundary', vital: Yes, transaction: No (default: No)
[6BBC:5134][2026-09-08T20:10:33]i201: Planned package: Setup, state: Absent, default requested: Present, ba requested: Present, execute: Install, rollback: Uninstall, default cache strategy: Keep, ba requested strategy: Keep, cache: Vital, uncache: No, dependency: Register, expected install registration state: Present, expected cache registration state: Present
[6BBC:5134][2026-09-08T20:10:33]i299: Plan complete, result: 0x0
[6BBC:5134][2026-09-08T20:10:33]i300: Apply begin
[6BBC:5134][2026-09-08T20:10:33]i010: Launching elevated engine process.
[6BBC:5134][2026-09-08T20:23:01]i011: Launched elevated engine process.
[6BBC:5134][2026-09-08T20:23:01]i012: Connected to elevated engine.
[0CA4:3DE4][2026-09-08T20:23:01]i358: Pausing automatic updates.
[0CA4:3DE4][2026-09-08T20:23:01]i359: Paused automatic updates.
[0CA4:3DE4][2026-09-08T20:23:01]i360: Creating a system restore point.
[0CA4:3DE4][2026-09-08T20:23:01]i361: Created a system restore point.
[0CA4:3DE4][2026-09-08T20:23:01]i370: Session begin, registration key: SOFTWARE\Microsoft\Windows\CurrentVersion\Uninstall\{462CF9C3-20B3-45A0-9EA2-3EAD2F503A2D}, options: 0x3, disable resume: No
[0CA4:3DE4][2026-09-08T20:23:02]i000: Caching bundle from: 'C:\Users\chapp\AppData\Local\Temp\{56AFE304-6712-45B6-9D3A-FD3B45C27172}\.be\podman-setup.exe' to: 'C:\ProgramData\Package Cache\{462CF9C3-20B3-45A0-9EA2-3EAD2F503A2D}\podman-setup.exe'
[0CA4:3DE4][2026-09-08T20:23:02]i320: Registering bundle dependency provider: {462CF9C3-20B3-45A0-9EA2-3EAD2F503A2D}, version: 5.8.3
[0CA4:3DE4][2026-09-08T20:23:02]i371: Updating session, registration key: SOFTWARE\Microsoft\Windows\CurrentVersion\Uninstall\{462CF9C3-20B3-45A0-9EA2-3EAD2F503A2D}, resume: Active, restart initiated: No, disable resume: No
[0CA4:4D04][2026-09-08T20:23:02]i304: Verified existing payload: Setup at path: C:\ProgramData\Package Cache\{C6F9601D-FEA9-4757-9419-53A1EF8E3F77}v5.8.3\podman.msi.
[0CA4:3DE4][2026-09-08T20:23:02]i323: Registering package dependency provider: {C6F9601D-FEA9-4757-9419-53A1EF8E3F77}_v5.8.3, version: 5.8.3, package: Setup
[0CA4:3DE4][2026-09-08T20:23:02]i301: Applying execute package: Setup, action: Install, path: C:\ProgramData\Package Cache\{C6F9601D-FEA9-4757-9419-53A1EF8E3F77}v5.8.3\podman.msi, arguments: ' INSTALLDIR="C:\Program Files\RedHat\Podman" MACHINE_PROVIDER="wsl" SKIP_CONFIG_FILE_CREATION="0" ARPSYSTEMCOMPONENT="1" MSIFASTINSTALL="7" BURNMSIINSTALL=1 REINSTALLMODE="muso" REBOOT=ReallySuppress'
[0CA4:3DE4][2026-09-08T20:23:05]e000: Error 0x80070652: Failed to install MSI package.
[0CA4:3DE4][2026-09-08T20:23:05]e000: Error 0x80070652: Failed to execute MSI package.
[6BBC:5134][2026-09-08T20:23:05]e000: Error 0x80070652: Failed to configure per-machine MSI package.
[6BBC:5134][2026-09-08T20:23:05]w348: Application requested retry of executing package: Setup, encountered error: 0x80070652. Retrying...
[0CA4:3DE4][2026-09-08T20:23:08]i301: Applying execute package: Setup, action: Install, path: C:\ProgramData\Package Cache\{C6F9601D-FEA9-4757-9419-53A1EF8E3F77}v5.8.3\podman.msi, arguments: ' INSTALLDIR="C:\Program Files\RedHat\Podman" MACHINE_PROVIDER="wsl" SKIP_CONFIG_FILE_CREATION="0" ARPSYSTEMCOMPONENT="1" MSIFASTINSTALL="7" BURNMSIINSTALL=1 REINSTALLMODE="muso" REBOOT=ReallySuppress'
[6BBC:5134][2026-09-08T20:23:11]i319: Applied execute package: Setup, result: 0x0, restart: None
[0CA4:3DE4][2026-09-08T20:23:11]i325: Registering dependency: {462CF9C3-20B3-45A0-9EA2-3EAD2F503A2D} on package provider: {C6F9601D-FEA9-4757-9419-53A1EF8E3F77}_v5.8.3, package: Setup
[6BBC:5134][2026-09-08T20:23:11]i373: Calculating whether to keep registration
[6BBC:5134][2026-09-08T20:23:11]i374:   package: Setup, install registration state: Present, cache registration state: Absent
[6BBC:5134][2026-09-08T20:23:11]i372: Session end, registration key: SOFTWARE\Microsoft\Windows\CurrentVersion\Uninstall\{462CF9C3-20B3-45A0-9EA2-3EAD2F503A2D}, resume: ARP, restart: None, disable resume: No, default registration: Full, ba requested registration: Full
[0CA4:3DE4][2026-09-08T20:23:11]i371: Updating session, registration key: SOFTWARE\Microsoft\Windows\CurrentVersion\Uninstall\{462CF9C3-20B3-45A0-9EA2-3EAD2F503A2D}, resume: ARP, restart initiated: No, disable resume: No
[0CA4:3DE4][2026-09-08T20:23:11]i420: Resuming automatic updates.
[0CA4:3DE4][2026-09-08T20:23:11]i421: Resumed automatic updates.
[6BBC:3148][2026-09-08T20:23:11]i000: Setting string variable 'WixStdBARestartRequired' to value ''
[6BBC:5134][2026-09-08T20:23:11]i399: Apply complete, result: 0x0, restart: None, ba requested restart:  No
[6BBC:5134][2026-09-08T20:23:11]i500: Shutting down, exit code: 0x0
[6BBC:5134][2026-09-08T20:23:11]i502: Cleanup begin.
[6BBC:5134][2026-09-08T20:23:11]i503: Cleanup not required due to running Apply.
[6BBC:5134][2026-09-08T20:23:11]i599: Cleanup complete, result: 0x0
[6BBC:5134][2026-09-08T20:23:11]i410: Variable: AllowOldWin = 0
[6BBC:5134][2026-09-08T20:23:11]i410: Variable: CBNumber = 19045
[6BBC:5134][2026-09-08T20:23:11]i410: Variable: InstallFolder = C:\Program Files\RedHat\Podman
[6BBC:5134][2026-09-08T20:23:11]i410: Variable: LaunchArguments = "[InstallFolder]\podman-for-windows.html"
[6BBC:5134][2026-09-08T20:23:11]i410: Variable: LaunchTarget = explorer.exe
[6BBC:5134][2026-09-08T20:23:11]i410: Variable: MachineProvider = wsl
[6BBC:5134][2026-09-08T20:23:11]i410: Variable: ProgramFiles64Folder = C:\Program Files\
[6BBC:5134][2026-09-08T20:23:11]i410: Variable: RebootPending = 1
[6BBC:5134][2026-09-08T20:23:11]i410: Variable: SkipConfigFileCreation = 0
[6BBC:5134][2026-09-08T20:23:11]i410: Variable: VERSION = 5.8.3
[6BBC:5134][2026-09-08T20:23:11]i410: Variable: VersionNT = 10.0.0.0
[6BBC:5134][2026-09-08T20:23:11]i410: Variable: WixBundleAction = 6
[6BBC:5134][2026-09-08T20:23:11]i410: Variable: WixBundleCommandLineAction = 6
[6BBC:5134][2026-09-08T20:23:11]i410: Variable: WixBundleElevated = 1
[6BBC:5134][2026-09-08T20:23:11]i410: Variable: WixBundleFileVersion = 5.0.2.0
[6BBC:5134][2026-09-08T20:23:11]i410: Variable: WixBundleInProgressName = 
[6BBC:5134][2026-09-08T20:23:11]i410: Variable: WixBundleInstalled = 0
[6BBC:5134][2026-09-08T20:23:11]i410: Variable: WixBundleLog = C:\Desktop\localscan\work\podman-install.log
[6BBC:5134][2026-09-08T20:23:11]i410: Variable: WixBundleLog_Setup = C:\Desktop\localscan\work\podman-install_000_Setup.log
[6BBC:5134][2026-09-08T20:23:11]i410: Variable: WixBundleManufacturer = Red Hat
[6BBC:5134][2026-09-08T20:23:11]i410: Variable: WixBundleName = Podman
[6BBC:5134][2026-09-08T20:23:11]i410: Variable: WixBundleOriginalSource = C:\Users\chapp\AppData\Local\Temp\WinGet\RedHat.Podman.5.8.3\podman-installer-windows-amd64.exe
[6BBC:5134][2026-09-08T20:23:11]i410: Variable: WixBundleOriginalSourceFolder = C:\Users\chapp\AppData\Local\Temp\WinGet\RedHat.Podman.5.8.3\
[6BBC:5134][2026-09-08T20:23:11]i410: Variable: WixBundleProviderKey = {462CF9C3-20B3-45A0-9EA2-3EAD2F503A2D}
[6BBC:5134][2026-09-08T20:23:11]i410: Variable: WixBundleRollbackLog_Setup = C:\Desktop\localscan\work\podman-install_000_Setup_rollback.log
[6BBC:5134][2026-09-08T20:23:11]i410: Variable: WixBundleTag = 
[6BBC:5134][2026-09-08T20:23:11]i410: Variable: WixBundleUILevel = 2
[6BBC:5134][2026-09-08T20:23:11]i410: Variable: WixBundleVersion = 5.8.3
[6BBC:5134][2026-09-08T20:23:11]i410: Variable: WixStdBALanguageId = 1033
[6BBC:5134][2026-09-08T20:23:11]i410: Variable: WixStdBARestartRequired = 
[6BBC:5134][2026-09-08T20:23:11]i410: Variable: WixStdBAShowVersion = 1
[6BBC:5134][2026-09-08T20:23:11]i410: Variable: WixStdBASuppressOptionsUI = 1
[6BBC:5134][2026-09-08T20:23:11]i007: Exit code: 0x0, restarting: No
